 imshift_mex

 Timestamp is 52300510 (Wed Sep 11 07:52:16 2013)

 Preferred load address is 0000000180000000

 Start         Length     Name                   Class
 0001:00000000 000025fcH .text                   CODE
 0001:00002600 0000007bH .text$x                 CODE
 0002:00000000 00000260H .idata$5                DATA
 0002:00000260 00000008H .CRT$XCA                DATA
 0002:00000268 00000008H .CRT$XCZ                DATA
 0002:00000270 00000008H .CRT$XIA                DATA
 0002:00000278 00000008H .CRT$XIAA               DATA
 0002:00000280 00000008H .CRT$XIC                DATA
 0002:00000288 00000008H .CRT$XIZ                DATA
 0002:00000290 00000540H .rdata                  DATA
 0002:000007d0 00000008H .rtc$IAA                DATA
 0002:000007d8 00000008H .rtc$IZZ                DATA
 0002:000007e0 00000008H .rtc$TAA                DATA
 0002:000007e8 00000008H .rtc$TZZ                DATA
 0002:000007f0 00000200H .xdata                  DATA
 0002:000009f0 00000078H .idata$2                DATA
 0002:00000a68 00000014H .idata$3                DATA
 0002:00000a80 00000260H .idata$4                DATA
 0002:00000ce0 00000652H .idata$6                DATA
 0002:00001340 000000bcH .edata                  DATA
 0003:00000000 00000318H .data                   DATA
 0003:00000320 000005d0H .bss                    DATA
 0004:00000000 000001bcH .pdata                  DATA

  Address         Publics by Value              Rva+Base               Lib:Object

 0000:00000000       ___safe_se_handler_table   0000000000000000     <absolute>
 0000:00000000       ___safe_se_handler_count   0000000000000000     <absolute>
 0000:00000000       __ImageBase                0000000180000000     <linker-defined>
 0001:00000000       imshift_initialize         0000000180001000 f   imshift_initialize.obj
 0001:00000060       imshift_atexit             0000000180001060 f   imshift_terminate.obj
 0001:000000b0       imshift_terminate          00000001800010b0 f   imshift_terminate.obj
 0001:000000d0       imshift                    00000001800010d0 f   imshift.obj
 0001:00000f00       emlrtMexFcnResolvedFunctionsInfo 0000000180001f00 f   imshift_api.obj
 0001:00001570       imshift_api                0000000180002570 f   imshift_api.obj
 0001:00001660       emxEnsureCapacity          0000000180002660 f   imshift_emxutil.obj
 0001:00001770       emxFree_uint8_T            0000000180002770 f   imshift_emxutil.obj
 0001:000017b0       emxInit_uint8_T            00000001800027b0 f   imshift_emxutil.obj
 0001:00001880       emlrtMexFcnProperties      0000000180002880 f   imshift_mex.obj
 0001:000019e0       imshift_atexit_wrapper     00000001800029e0 f   imshift_mex.obj
 0001:00001b20       mexFunction                0000000180002b20 f   imshift_mex.obj
 0001:00001b70       mxMalloc                   0000000180002b70 f   libmx:libmx.dll
 0001:00001b76       mxGetData                  0000000180002b76 f   libmx:libmx.dll
 0001:00001b7c       mxSetData                  0000000180002b7c f   libmx:libmx.dll
 0001:00001b82       mxCreateString             0000000180002b82 f   libmx:libmx.dll
 0001:00001b88       mxSetDimensions_700        0000000180002b88 f   libmx:libmx.dll
 0001:00001b8e       mxCreateStructArray_700    0000000180002b8e f   libmx:libmx.dll
 0001:00001b94       mxCreateNumericArray_700   0000000180002b94 f   libmx:libmx.dll
 0001:00001b9a       mxCreateNumericMatrix_700  0000000180002b9a f   libmx:libmx.dll
 0001:00001ba0       mxCreateDoubleScalar       0000000180002ba0 f   libmx:libmx.dll
 0001:00001ba6       mxSetFieldByNumber_700     0000000180002ba6 f   libmx:libmx.dll
 0001:00001bac       mxCreateStructMatrix_700   0000000180002bac f   libmx:libmx.dll
 0001:00001bb2       mxCreateLogicalMatrix_700  0000000180002bb2 f   libmx:libmx.dll
 0001:00001bb8       mexAtExit                  0000000180002bb8 f   libmex:libmex.dll
 0001:00001bbe       emlrtFirstTimeR2012b       0000000180002bbe f   libemlrt:libemlrt.dll
 0001:00001bc4       emlrtClearAllocCountR2012b 0000000180002bc4 f   libemlrt:libemlrt.dll
 0001:00001bca       emlrtEnterRtStackR2012b    0000000180002bca f   libemlrt:libemlrt.dll
 0001:00001bd0       emlrtGetBreakCheckFlagAddressR2012b 0000000180002bd0 f   libemlrt:libemlrt.dll
 0001:00001bd6       emlrtCreateRootTLS         0000000180002bd6 f   libemlrt:libemlrt.dll
 0001:00001bdc       emlrtLeaveRtStackR2012b    0000000180002bdc f   libemlrt:libemlrt.dll
 0001:00001be2       emlrtDestroyRootTLS        0000000180002be2 f   libemlrt:libemlrt.dll
 0001:00001be8       emlrtDynamicBoundsCheckR2012b 0000000180002be8 f   libemlrt:libemlrt.dll
 0001:00001bee       emlrtIntegerCheckR2012b    0000000180002bee f   libemlrt:libemlrt.dll
 0001:00001bf4       emlrtHeapReferenceStackEnterFcnR2012b 0000000180002bf4 f   libemlrt:libemlrt.dll
 0001:00001bfa       emlrtHeapReferenceStackLeaveFcnR2012b 0000000180002bfa f   libemlrt:libemlrt.dll
 0001:00001c00       emlrtSubAssignSizeCheckR2012b 0000000180002c00 f   libemlrt:libemlrt.dll
 0001:00001c06       emlrtAlias                 0000000180002c06 f   libemlrt:libemlrt.dll
 0001:00001c0c       emlrtProtectR2012b         0000000180002c0c f   libemlrt:libemlrt.dll
 0001:00001c12       emlrtAssign                0000000180002c12 f   libemlrt:libemlrt.dll
 0001:00001c18       emlrtAddField              0000000180002c18 f   libemlrt:libemlrt.dll
 0001:00001c1e       emlrtDestroyArray          0000000180002c1e f   libemlrt:libemlrt.dll
 0001:00001c24       emlrtNameCapturePostProcessR2012a 0000000180002c24 f   libemlrt:libemlrt.dll
 0001:00001c2a       emlrtCheckBuiltInR2012b    0000000180002c2a f   libemlrt:libemlrt.dll
 0001:00001c30       emlrtSizeMulR2012b         0000000180002c30 f   libemlrt:libemlrt.dll
 0001:00001c36       emlrtMallocMex             0000000180002c36 f   libemlrt:libemlrt.dll
 0001:00001c3c       emlrtCallocMex             0000000180002c3c f   libemlrt:libemlrt.dll
 0001:00001c42       emlrtFreeMex               0000000180002c42 f   libemlrt:libemlrt.dll
 0001:00001c48       emlrtPushHeapReferenceStackR2012b 0000000180002c48 f   libemlrt:libemlrt.dll
 0001:00001c4e       emlrtHeapAllocationErrorR2012b 0000000180002c4e f   libemlrt:libemlrt.dll
 0001:00001c54       emlrtReturnArrayR2009a     0000000180002c54 f   libemlrt:libemlrt.dll
 0001:00001c5a       emlrtErrMsgIdAndTxt        0000000180002c5a f   libemlrt:libemlrt.dll
 0001:00001c60       muDoubleScalarMax          0000000180002c60 f   libmwmathutil:libmwmathutil.dll
 0001:00001c66       muDoubleScalarMin          0000000180002c66 f   libmwmathutil:libmwmathutil.dll
 0001:00001c6c       __GSHandlerCheck           0000000180002c6c f   MSVCRT:gshandler.obj
 0001:00001c8c       __GSHandlerCheckCommon     0000000180002c8c f   MSVCRT:gshandler.obj
 0001:00001d00       __security_check_cookie    0000000180002d00 f   MSVCRT:amdsecgs.obj
 0001:00001d20       memcpy                     0000000180002d20 f   MSVCRT:MSVCR110.dll
 0001:00001d26       memset                     0000000180002d26 f   MSVCRT:MSVCR110.dll
 0001:00001d8c       _CRT_INIT                  0000000180002d8c f   MSVCRT:crtdll.obj
 0001:00001fd8       _DllMainCRTStartup         0000000180002fd8 f   MSVCRT:crtdll.obj
 0001:00002150       __raise_securityfailure    0000000180003150 f   MSVCRT:gs_report.obj
 0001:0000219c       __report_gsfailure         000000018000319c f   MSVCRT:gs_report.obj
 0001:0000226e       __CppXcptFilter            000000018000326e f   MSVCRT:MSVCR110.dll
 0001:00002274       _amsg_exit                 0000000180003274 f   MSVCRT:MSVCR110.dll
 0001:00002280       _FindPESection             0000000180003280 f   MSVCRT:pesect.obj
 0001:000022d0       _IsNonwritableInCurrentImage 00000001800032d0 f   MSVCRT:pesect.obj
 0001:00002320       _ValidateImageBase         0000000180003320 f   MSVCRT:pesect.obj
 0001:00002350       __atonexitinit             0000000180003350 f   MSVCRT:atonexit.obj
 0001:000023a0       _onexit                    00000001800033a0 f   MSVCRT:atonexit.obj
 0001:00002450       atexit                     0000000180003450 f   MSVCRT:atonexit.obj
 0001:00002468       __security_init_cookie     0000000180003468 f   MSVCRT:gs_support.obj
 0001:00002514       DllMain                    0000000180003514 f   MSVCRT:dllmain.obj
 0001:00002538       _RTC_Initialize            0000000180003538 f   MSVCRT:initsect.obj
 0001:00002570       _RTC_Terminate             0000000180003570 f   MSVCRT:initsect.obj
 0001:000025a8       _initterm                  00000001800035a8 f   MSVCRT:MSVCR110.dll
 0001:000025ae       _initterm_e                00000001800035ae f   MSVCRT:MSVCR110.dll
 0001:000025b4       __clean_type_info_names    00000001800035b4 f   MSVCRT:tncleanup.obj
 0001:000025c0       __C_specific_handler       00000001800035c0 f   MSVCRT:MSVCR110.dll
 0001:000025c6       __crt_debugger_hook        00000001800035c6 f   MSVCRT:MSVCR110.dll
 0001:000025cc       __crtUnhandledException    00000001800035cc f   MSVCRT:MSVCR110.dll
 0001:000025d2       __crtTerminateProcess      00000001800035d2 f   MSVCRT:MSVCR110.dll
 0001:000025d8       __crtCapturePreviousContext 00000001800035d8 f   MSVCRT:MSVCR110.dll
 0001:000025de       _lock                      00000001800035de f   MSVCRT:MSVCR110.dll
 0001:000025e4       _unlock                    00000001800035e4 f   MSVCRT:MSVCR110.dll
 0001:000025ea       __dllonexit                00000001800035ea f   MSVCRT:MSVCR110.dll
 0001:000025f0       __clean_type_info_names_internal 00000001800035f0 f   MSVCRT:MSVCR110.dll
 0001:000025f6       IsProcessorFeaturePresent  00000001800035f6 f   kernel32:KERNEL32.dll
 0002:00000000       __imp_DisableThreadLibraryCalls 0000000180004000     kernel32:KERNEL32.dll
 0002:00000008       __imp_GetSystemTimeAsFileTime 0000000180004008     kernel32:KERNEL32.dll
 0002:00000010       __imp_GetCurrentThreadId   0000000180004010     kernel32:KERNEL32.dll
 0002:00000018       __imp_GetCurrentProcessId  0000000180004018     kernel32:KERNEL32.dll
 0002:00000020       __imp_QueryPerformanceCounter 0000000180004020     kernel32:KERNEL32.dll
 0002:00000028       __imp_IsProcessorFeaturePresent 0000000180004028     kernel32:KERNEL32.dll
 0002:00000030       __imp_IsDebuggerPresent    0000000180004030     kernel32:KERNEL32.dll
 0002:00000038       __imp_DecodePointer        0000000180004038     kernel32:KERNEL32.dll
 0002:00000040       __imp_EncodePointer        0000000180004040     kernel32:KERNEL32.dll
 0002:00000048       \177KERNEL32_NULL_THUNK_DATA 0000000180004048     kernel32:KERNEL32.dll
 0002:00000050       __imp___clean_type_info_names_internal 0000000180004050     MSVCRT:MSVCR110.dll
 0002:00000058       __imp__onexit              0000000180004058     MSVCRT:MSVCR110.dll
 0002:00000060       __imp___dllonexit          0000000180004060     MSVCRT:MSVCR110.dll
 0002:00000068       __imp__calloc_crt          0000000180004068     MSVCRT:MSVCR110.dll
 0002:00000070       __imp__unlock              0000000180004070     MSVCRT:MSVCR110.dll
 0002:00000078       __imp___crtTerminateProcess 0000000180004078     MSVCRT:MSVCR110.dll
 0002:00000080       __imp___crtUnhandledException 0000000180004080     MSVCRT:MSVCR110.dll
 0002:00000088       __imp___crt_debugger_hook  0000000180004088     MSVCRT:MSVCR110.dll
 0002:00000090       __imp___C_specific_handler 0000000180004090     MSVCRT:MSVCR110.dll
 0002:00000098       __imp__initterm_e          0000000180004098     MSVCRT:MSVCR110.dll
 0002:000000a0       __imp__initterm            00000001800040a0     MSVCRT:MSVCR110.dll
 0002:000000a8       __imp__malloc_crt          00000001800040a8     MSVCRT:MSVCR110.dll
 0002:000000b0       __imp_free                 00000001800040b0     MSVCRT:MSVCR110.dll
 0002:000000b8       __imp__amsg_exit           00000001800040b8     MSVCRT:MSVCR110.dll
 0002:000000c0       __imp___CppXcptFilter      00000001800040c0     MSVCRT:MSVCR110.dll
 0002:000000c8       __imp_memset               00000001800040c8     MSVCRT:MSVCR110.dll
 0002:000000d0       __imp_memcpy               00000001800040d0     MSVCRT:MSVCR110.dll
 0002:000000d8       __imp___crtCapturePreviousContext 00000001800040d8     MSVCRT:MSVCR110.dll
 0002:000000e0       __imp__lock                00000001800040e0     MSVCRT:MSVCR110.dll
 0002:000000e8       \177MSVCR110_NULL_THUNK_DATA 00000001800040e8     MSVCRT:MSVCR110.dll
 0002:000000f0       __imp_emlrtDestroyArray    00000001800040f0     libemlrt:libemlrt.dll
 0002:000000f8       __imp_emlrtNameCapturePostProcessR2012a 00000001800040f8     libemlrt:libemlrt.dll
 0002:00000100       __imp_emlrtCheckBuiltInR2012b 0000000180004100     libemlrt:libemlrt.dll
 0002:00000108       __imp_emlrtSizeMulR2012b   0000000180004108     libemlrt:libemlrt.dll
 0002:00000110       __imp_emlrtMallocMex       0000000180004110     libemlrt:libemlrt.dll
 0002:00000118       __imp_emlrtCallocMex       0000000180004118     libemlrt:libemlrt.dll
 0002:00000120       __imp_emlrtFreeMex         0000000180004120     libemlrt:libemlrt.dll
 0002:00000128       __imp_emlrtPushHeapReferenceStackR2012b 0000000180004128     libemlrt:libemlrt.dll
 0002:00000130       __imp_emlrtHeapAllocationErrorR2012b 0000000180004130     libemlrt:libemlrt.dll
 0002:00000138       __imp_emlrtReturnArrayR2009a 0000000180004138     libemlrt:libemlrt.dll
 0002:00000140       __imp_emlrtErrMsgIdAndTxt  0000000180004140     libemlrt:libemlrt.dll
 0002:00000148       __imp_emlrtAddField        0000000180004148     libemlrt:libemlrt.dll
 0002:00000150       __imp_emlrtProtectR2012b   0000000180004150     libemlrt:libemlrt.dll
 0002:00000158       __imp_emlrtAlias           0000000180004158     libemlrt:libemlrt.dll
 0002:00000160       __imp_emlrtSubAssignSizeCheckR2012b 0000000180004160     libemlrt:libemlrt.dll
 0002:00000168       __imp_emlrtHeapReferenceStackLeaveFcnR2012b 0000000180004168     libemlrt:libemlrt.dll
 0002:00000170       __imp_emlrtHeapReferenceStackEnterFcnR2012b 0000000180004170     libemlrt:libemlrt.dll
 0002:00000178       __imp_emlrtIntegerCheckR2012b 0000000180004178     libemlrt:libemlrt.dll
 0002:00000180       __imp_emlrtDynamicBoundsCheckR2012b 0000000180004180     libemlrt:libemlrt.dll
 0002:00000188       __imp_emlrtDestroyRootTLS  0000000180004188     libemlrt:libemlrt.dll
 0002:00000190       __imp_emlrtLeaveRtStackR2012b 0000000180004190     libemlrt:libemlrt.dll
 0002:00000198       __imp_emlrtCreateRootTLS   0000000180004198     libemlrt:libemlrt.dll
 0002:000001a0       __imp_emlrtGetBreakCheckFlagAddressR2012b 00000001800041a0     libemlrt:libemlrt.dll
 0002:000001a8       __imp_emlrtEnterRtStackR2012b 00000001800041a8     libemlrt:libemlrt.dll
 0002:000001b0       __imp_emlrtClearAllocCountR2012b 00000001800041b0     libemlrt:libemlrt.dll
 0002:000001b8       __imp_emlrtFirstTimeR2012b 00000001800041b8     libemlrt:libemlrt.dll
 0002:000001c0       __imp_emlrtAssign          00000001800041c0     libemlrt:libemlrt.dll
 0002:000001c8       \177libemlrt_NULL_THUNK_DATA 00000001800041c8     libemlrt:libemlrt.dll
 0002:000001d0       __imp_mexAtExit            00000001800041d0     libmex:libmex.dll
 0002:000001d8       \177libmex_NULL_THUNK_DATA 00000001800041d8     libmex:libmex.dll
 0002:000001e0       __imp_muDoubleScalarMax    00000001800041e0     libmwmathutil:libmwmathutil.dll
 0002:000001e8       __imp_muDoubleScalarMin    00000001800041e8     libmwmathutil:libmwmathutil.dll
 0002:000001f0       \177libmwmathutil_NULL_THUNK_DATA 00000001800041f0     libmwmathutil:libmwmathutil.dll
 0002:000001f8       __imp_mxCreateLogicalMatrix_700 00000001800041f8     libmx:libmx.dll
 0002:00000200       __imp_mxCreateStructMatrix_700 0000000180004200     libmx:libmx.dll
 0002:00000208       __imp_mxSetFieldByNumber_700 0000000180004208     libmx:libmx.dll
 0002:00000210       __imp_mxCreateDoubleScalar 0000000180004210     libmx:libmx.dll
 0002:00000218       __imp_mxCreateNumericMatrix_700 0000000180004218     libmx:libmx.dll
 0002:00000220       __imp_mxCreateNumericArray_700 0000000180004220     libmx:libmx.dll
 0002:00000228       __imp_mxCreateStructArray_700 0000000180004228     libmx:libmx.dll
 0002:00000230       __imp_mxSetDimensions_700  0000000180004230     libmx:libmx.dll
 0002:00000238       __imp_mxCreateString       0000000180004238     libmx:libmx.dll
 0002:00000240       __imp_mxSetData            0000000180004240     libmx:libmx.dll
 0002:00000248       __imp_mxGetData            0000000180004248     libmx:libmx.dll
 0002:00000250       __imp_mxMalloc             0000000180004250     libmx:libmx.dll
 0002:00000258       \177libmx_NULL_THUNK_DATA  0000000180004258     libmx:libmx.dll
 0002:00000260       __xc_a                     0000000180004260     MSVCRT:cinitexe.obj
 0002:00000268       __xc_z                     0000000180004268     MSVCRT:cinitexe.obj
 0002:00000270       __xi_a                     0000000180004270     MSVCRT:cinitexe.obj
 0002:00000288       __xi_z                     0000000180004288     MSVCRT:cinitexe.obj
 0002:00000290       ??_C@_07NKMLEGCJ@imshift?$AA@ 0000000180004290     imshift.obj
 0002:00000298       ??_C@_0CH@JKOJCHAD@C?3?1Users?1spas?1Desktop?1matlab?1ims@ 0000000180004298     imshift.obj
 0002:000002c0       ??_C@_01JPJNBJEM@I?$AA@    00000001800042c0     imshift.obj
 0002:000002c8       __real@3ff0000000000000    00000001800042c8     imshift.obj
 0002:000002d0       __real@406c200000000000    00000001800042d0     imshift.obj
 0002:000002d8       __real@4079000000000000    00000001800042d8     imshift.obj
 0002:000002e0       __xmm@00000003000000020000000100000000 00000001800042e0     imshift.obj
 0002:00000314       ??_C@_05BOGOCLFF@uint8?$AA@ 0000000180004314     imshift_api.obj
 0002:0000031c       ??_C@_06BNJCAIGJ@double?$AA@ 000000018000431c     imshift_api.obj
 0002:00000328       ??_C@_0CK@EKAKOAKP@?$FLE?$FNC?3?1Users?1spas?1Desktop?1matlab?1@ 0000000180004328     imshift_api.obj
 0002:00000354       ??_C@_03LJAEFNNE@max?$AA@  0000000180004354     imshift_api.obj
 0002:00000358       ??_C@_0DI@EMINNGDL@?$FLILXE?$FN$matlabroot$?1toolbox?1eml?1l@ 0000000180004358     imshift_api.obj
 0002:00000390       ??_C@_0P@PAOJKEOI@eml_min_or_max?$AA@ 0000000180004390     imshift_api.obj
 0002:000003a0       ??_C@_04ENMBGAPA@char?$AA@ 00000001800043a0     imshift_api.obj
 0002:000003a8       ??_C@_0DP@JHLGJKEB@?$FLILXE?$FN$matlabroot$?1toolbox?1eml?1l@ 00000001800043a8     imshift_api.obj
 0002:000003f0       ??_C@_0FA@HLMNPFDP@?$FLILXE?$FN$matlabroot$?1toolbox?1eml?1l@ 00000001800043f0     imshift_api.obj
 0002:00000440       ??_C@_0O@DGEIFEHG@eml_scalar_eg?$AA@ 0000000180004440     imshift_api.obj
 0002:00000450       ??_C@_0DO@FIFFNPJ@?$FLILXE?$FN$matlabroot$?1toolbox?1eml?1l@ 0000000180004450     imshift_api.obj
 0002:00000490       ??_C@_0BC@JEELAMCJ@eml_scalexp_alloc?$AA@ 0000000180004490     imshift_api.obj
 0002:000004b0       ??_C@_0EC@EDKCHFKG@?$FLILXE?$FN$matlabroot$?1toolbox?1eml?1l@ 00000001800044b0     imshift_api.obj
 0002:000004f8       ??_C@_0BA@LGKKDMEL@eml_index_class?$AA@ 00000001800044f8     imshift_api.obj
 0002:00000508       ??_C@_00CNPNBAHC@?$AA@     0000000180004508     imshift_api.obj
 0002:00000510       ??_C@_0EA@GLIAMHNI@?$FLILXE?$FN$matlabroot$?1toolbox?1eml?1l@ 0000000180004510     imshift_api.obj
 0002:00000550       ??_C@_0FH@BDMJPNAA@?$FLILXE?$FN$matlabroot$?1toolbox?1eml?1l@ 0000000180004550     imshift_api.obj
 0002:000005a8       ??_C@_03KLIPLJLL@min?$AA@  00000001800045a8     imshift_api.obj
 0002:000005b0       ??_C@_0DI@JIPJFLJ@?$FLILXE?$FN$matlabroot$?1toolbox?1eml?1l@ 00000001800045b0     imshift_api.obj
 0002:000005e8       ??_C@_07JKKCBBMM@context?$AA@ 00000001800045e8     imshift_api.obj
 0002:000005f0       ??_C@_04MEMAJGDJ@name?$AA@ 00000001800045f0     imshift_api.obj
 0002:000005f8       ??_C@_0N@IGLAPNJK@dominantType?$AA@ 00000001800045f8     imshift_api.obj
 0002:00000608       ??_C@_08CGJBBLIA@resolved?$AA@ 0000000180004608     imshift_api.obj
 0002:00000618       ??_C@_0L@CNGJMFIK@fileTimeLo?$AA@ 0000000180004618     imshift_api.obj
 0002:00000628       ??_C@_0L@HMDKMKNA@fileTimeHi?$AA@ 0000000180004628     imshift_api.obj
 0002:00000638       ??_C@_0M@NFKFADI@mFileTimeLo?$AA@ 0000000180004638     imshift_api.obj
 0002:00000648       ??_C@_0M@FMAJFPGC@mFileTimeHi?$AA@ 0000000180004648     imshift_api.obj
 0002:00000658       ??_C@_09FBJPJHMO@disparity?$AA@ 0000000180004658     imshift_api.obj
 0002:00000668       ??_C@_0CC@IMHDKEMC@EMLRT?3runTime?3WrongNumberOfInput@ 0000000180004668     imshift_mex.obj
 0002:00000690       ??_C@_0CF@OIONOIOI@EMLRT?3runTime?3TooManyOutputArgum@ 0000000180004690     imshift_mex.obj
 0002:000006b8       ??_C@_07NGFJPNPN@Version?$AA@ 00000001800046b8     imshift_mex.obj
 0002:000006c0       ??_C@_0BC@PFKIGKIM@ResolvedFunctions?$AA@ 00000001800046c0     imshift_mex.obj
 0002:000006d8       ??_C@_0M@HOOGCLMJ@EntryPoints?$AA@ 00000001800046d8     imshift_mex.obj
 0002:000006e4       ??_C@_04FABLJDN@Name?$AA@  00000001800046e4     imshift_mex.obj
 0002:000006f0       ??_C@_0P@DJPKAEOC@NumberOfInputs?$AA@ 00000001800046f0     imshift_mex.obj
 0002:00000700       ??_C@_0BA@HBLCOFA@NumberOfOutputs?$AA@ 0000000180004700     imshift_mex.obj
 0002:00000710       ??_C@_0P@FDPDNMBC@ConstantInputs?$AA@ 0000000180004710     imshift_mex.obj
 0002:00000720       ??_C@_0BD@BMDBANMC@8?41?40?4604?5?$CIR2013a?$CJ?$AA@ 0000000180004720     imshift_mex.obj
 0002:00000738       __real@4000000000000000    0000000180004738     imshift_mex.obj
 0002:00000740       _pDefaultRawDllMain        0000000180004740     MSVCRT:crtdll.obj
 0002:00000740       _pRawDllMain               0000000180004740     MSVCRT:crtdll.obj
 0002:00000760       _load_config_used          0000000180004760     MSVCRT:loadcfg.obj
 0002:000007d0       __rtc_iaa                  00000001800047d0     MSVCRT:initsect.obj
 0002:000007d8       __rtc_izz                  00000001800047d8     MSVCRT:initsect.obj
 0002:000007e0       __rtc_taa                  00000001800047e0     MSVCRT:initsect.obj
 0002:000007e8       __rtc_tzz                  00000001800047e8     MSVCRT:initsect.obj
 0002:000009f0       __IMPORT_DESCRIPTOR_libmx  00000001800049f0     libmx:libmx.dll
 0002:00000a04       __IMPORT_DESCRIPTOR_libmex 0000000180004a04     libmex:libmex.dll
 0002:00000a18       __IMPORT_DESCRIPTOR_libemlrt 0000000180004a18     libemlrt:libemlrt.dll
 0002:00000a2c       __IMPORT_DESCRIPTOR_libmwmathutil 0000000180004a2c     libmwmathutil:libmwmathutil.dll
 0002:00000a40       __IMPORT_DESCRIPTOR_MSVCR110 0000000180004a40     MSVCRT:MSVCR110.dll
 0002:00000a54       __IMPORT_DESCRIPTOR_KERNEL32 0000000180004a54     kernel32:KERNEL32.dll
 0002:00000a68       __NULL_IMPORT_DESCRIPTOR   0000000180004a68     libmx:libmx.dll
 0003:000002c0       emlrtContextGlobal         00000001800062c0     imshift_mex.obj
 0003:00000300       __security_cookie          0000000180006300     MSVCRT:gs_cookie.obj
 0003:00000308       __security_cookie_complement 0000000180006308     MSVCRT:gs_cookie.obj
 0003:00000310       _fltused                   0000000180006310     MSVCRT:dllsupp.obj
 0003:00000314       __native_dllmain_reason    0000000180006314     MSVCRT:natstart.obj
 0003:00000328       emlrtRootTLSGlobal         0000000180006328     imshift_mex.obj
 0003:000008b8       ?__type_info_root_node@@3U__type_info_node@@A 00000001800068b8     MSVCRT:tncleanup.obj
 0003:000008c8       __native_startup_lock      00000001800068c8     <common>
 0003:000008d0       __native_startup_state     00000001800068d0     <common>
 0003:000008d8       __onexitend                00000001800068d8     <common>
 0003:000008e0       __onexitbegin              00000001800068e0     <common>
 0003:000008e8       __dyn_tls_init_callback    00000001800068e8     <common>

 entry point at        0001:00001fd8

 Static symbols

 0001:00000e50       c_emlrt_marshallIn         0000000180001e50 f   imshift_api.obj
 0001:000014a0       emlrt_marshallIn           00000001800024a0 f   imshift_api.obj
 0001:000019f0       imshift_mexFunction        00000001800029f0 f   imshift_mex.obj
 0001:00001cf0       $$000000                   0000000180002cf0     MSVCRT:amdsecgs.obj
 0001:00001d2c       pre_c_init                 0000000180002d2c f   MSVCRT:crtdll.obj
 0001:00002018       __DllMainCRTStartup        0000000180003018 f   MSVCRT:crtdll.obj
 0001:00002600       __DllMainCRTStartup$filt$0 0000000180003600 f   MSVCRT:crtdll.obj
 0001:00002625       __DllMainCRTStartup$fin$1  0000000180003625 f   MSVCRT:crtdll.obj
 0001:00002640       _IsNonwritableInCurrentImage$filt$0 0000000180003640 f   MSVCRT:pesect.obj
 0001:00002660       _onexit$fin$0              0000000180003660 f   MSVCRT:atonexit.obj
 0002:00000278       pcinit                     0000000180004278     MSVCRT:crtdll.obj
 0002:00000280       pinit                      0000000180004280     MSVCRT:atonexit.obj
 0002:000002f0       ?iv5@?1??e_emlrt_marshallIn@@9@9 00000001800042f0     imshift_api.obj
 0002:000002f8       ?iv2@?1??emlrt_marshallOut@@9@9 00000001800042f8     imshift_api.obj
 0002:00000308       ?iv3@?1??emlrt_marshallOut@@9@9 0000000180004308     imshift_api.obj
 0002:00000748       GS_ExceptionPointers       0000000180004748     MSVCRT:gs_report.obj
 0002:000007f0       $unwind$imshift            00000001800047f0     imshift.obj
 0002:0000083c       $unwind$emlrtMexFcnResolvedFunctionsInfo 000000018000483c     imshift_api.obj
 0002:00000860       $unwind$imshift_api        0000000180004860     imshift_api.obj
 0002:00000874       $unwind$c_emlrt_marshallIn 0000000180004874     imshift_api.obj
 0002:0000087c       $unwind$emlrt_marshallIn   000000018000487c     imshift_api.obj
 0002:0000088c       $unwind$emxEnsureCapacity  000000018000488c     imshift_emxutil.obj
 0002:000008a4       $chain$0$emxEnsureCapacity 00000001800048a4     imshift_emxutil.obj
 0002:000008b8       $chain$1$emxEnsureCapacity 00000001800048b8     imshift_emxutil.obj
 0002:000008c8       $unwind$emxInit_uint8_T    00000001800048c8     imshift_emxutil.obj
 0002:000008c8       $unwind$mexFunction        00000001800048c8     imshift_emxutil.obj
 0002:000008dc       $unwind$imshift_mexFunction 00000001800048dc     imshift_mex.obj
 0002:000008f4       $unwind$emlrtMexFcnProperties 00000001800048f4     imshift_mex.obj
 0002:00000904       $unwind$__GSHandlerCheck   0000000180004904     MSVCRT:gshandler.obj
 0002:00000904       $unwind$imshift_atexit     0000000180004904     MSVCRT:gshandler.obj
 0002:00000904       $unwind$atexit             0000000180004904     MSVCRT:gshandler.obj
 0002:00000904       $unwind$imshift_terminate  0000000180004904     MSVCRT:gshandler.obj
 0002:00000904       $unwind$DllMain            0000000180004904     MSVCRT:gshandler.obj
 0002:00000910       $xdatasym                  0000000180004910     MSVCRT:amdsecgs.obj
 0002:00000914       $unwind$_CRT_INIT          0000000180004914     MSVCRT:crtdll.obj
 0002:00000930       $unwind$__DllMainCRTStartup 0000000180004930     MSVCRT:crtdll.obj
 0002:0000096c       $unwind$_IsNonwritableInCurrentImage$filt$0 000000018000496c     MSVCRT:crtdll.obj
 0002:0000096c       $unwind$__DllMainCRTStartup$fin$1 000000018000496c     MSVCRT:crtdll.obj
 0002:0000096c       $unwind$__DllMainCRTStartup$filt$0 000000018000496c     MSVCRT:crtdll.obj
 0002:0000096c       $unwind$_onexit$fin$0      000000018000496c     MSVCRT:crtdll.obj
 0002:00000974       $unwind$_DllMainCRTStartup 0000000180004974     MSVCRT:crtdll.obj
 0002:00000984       $unwind$__GSHandlerCheckCommon 0000000180004984     MSVCRT:gs_report.obj
 0002:00000984       $unwind$__raise_securityfailure 0000000180004984     MSVCRT:gs_report.obj
 0002:00000984       $unwind$__atonexitinit     0000000180004984     MSVCRT:gs_report.obj
 0002:00000984       $unwind$pre_c_init         0000000180004984     MSVCRT:gs_report.obj
 0002:00000984       $unwind$emxFree_uint8_T    0000000180004984     MSVCRT:gs_report.obj
 0002:00000984       $unwind$imshift_initialize 0000000180004984     MSVCRT:gs_report.obj
 0002:0000098c       $unwind$__report_gsfailure 000000018000498c     MSVCRT:gs_report.obj
 0002:00000994       $unwind$_IsNonwritableInCurrentImage 0000000180004994     MSVCRT:pesect.obj
 0002:000009b8       $unwind$_onexit            00000001800049b8     MSVCRT:atonexit.obj
 0002:000009d8       $unwind$__security_init_cookie 00000001800049d8     MSVCRT:gs_support.obj
 0002:000009e4       $unwind$_RTC_Terminate     00000001800049e4     MSVCRT:initsect.obj
 0002:000009e4       $unwind$_RTC_Initialize    00000001800049e4     MSVCRT:initsect.obj
 0002:00000de8       .idata$6                   0000000180004de8     libmx:libmx.dll
 0002:00000dfe       .idata$6                   0000000180004dfe     libmex:libmex.dll
 0002:000010c4       .idata$6                   00000001800050c4     libemlrt:libemlrt.dll
 0002:000010fa       .idata$6                   00000001800050fa     libmwmathutil:libmwmathutil.dll
 0002:00001120       .idata$6                   0000000180005120     MSVCRT:MSVCR110.dll
 0002:00001324       .idata$6                   0000000180005324     kernel32:KERNEL32.dll
 0002:00001340       .edata                     0000000180005340     imshift_mex.exp
 0002:00001368       rgpv                       0000000180005368     imshift_mex.exp
 0002:0000137c       rgszName                   000000018000537c     imshift_mex.exp
 0002:00001390       rgwOrd                     0000000180005390     imshift_mex.exp
 0002:0000139a       szName                     000000018000539a     imshift_mex.exp
 0002:000013ad       $N00001                    00000001800053ad     imshift_mex.exp
 0002:000013c3       $N00002                    00000001800053c3     imshift_mex.exp
 0002:000013cb       $N00003                    00000001800053cb     imshift_mex.exp
 0002:000013de       $N00004                    00000001800053de     imshift_mex.exp
 0002:000013f0       $N00005                    00000001800053f0     imshift_mex.exp
 0003:00000000       emlrtRTEI                  0000000180006000     imshift.obj
 0003:00000018       emlrtDCI                   0000000180006018     imshift.obj
 0003:00000038       emlrtBCI                   0000000180006038     imshift.obj
 0003:00000068       b_emlrtDCI                 0000000180006068     imshift.obj
 0003:00000088       b_emlrtBCI                 0000000180006088     imshift.obj
 0003:000000b8       c_emlrtDCI                 00000001800060b8     imshift.obj
 0003:000000d8       c_emlrtBCI                 00000001800060d8     imshift.obj
 0003:00000108       d_emlrtDCI                 0000000180006108     imshift.obj
 0003:00000128       d_emlrtBCI                 0000000180006128     imshift.obj
 0003:00000158       emlrtECI                   0000000180006158     imshift.obj
 0003:00000178       e_emlrtDCI                 0000000180006178     imshift.obj
 0003:00000198       e_emlrtBCI                 0000000180006198     imshift.obj
 0003:000001c8       f_emlrtDCI                 00000001800061c8     imshift.obj
 0003:000001e8       f_emlrtBCI                 00000001800061e8     imshift.obj
 0003:00000218       g_emlrtDCI                 0000000180006218     imshift.obj
 0003:00000238       g_emlrtBCI                 0000000180006238     imshift.obj
 0003:00000268       h_emlrtDCI                 0000000180006268     imshift.obj
 0003:00000288       h_emlrtBCI                 0000000180006288     imshift.obj
 0003:00000320       emlrtBreakCheckR2012bFlagVar 0000000180006320     imshift_initialize.obj
 0003:00000330       __proc_attached            0000000180006330     MSVCRT:crtdll.obj
 0003:00000340       GS_ExceptionRecord         0000000180006340     MSVCRT:gs_report.obj
 0003:000003e0       GS_ContextRecord           00000001800063e0     MSVCRT:gs_report.obj
 0003:000008b0       DebuggerWasPresent         00000001800068b0     MSVCRT:gs_report.obj
 0004:00000000       $pdata$imshift_initialize  0000000180007000     imshift_initialize.obj
 0004:0000000c       $pdata$imshift_atexit      000000018000700c     imshift_terminate.obj
 0004:00000018       $pdata$imshift_terminate   0000000180007018     imshift_terminate.obj
 0004:00000024       $pdata$imshift             0000000180007024     imshift.obj
 0004:00000030       $pdata$c_emlrt_marshallIn  0000000180007030     imshift_api.obj
 0004:0000003c       $pdata$emlrtMexFcnResolvedFunctionsInfo 000000018000703c     imshift_api.obj
 0004:00000048       $pdata$emlrt_marshallIn    0000000180007048     imshift_api.obj
 0004:00000054       $pdata$imshift_api         0000000180007054     imshift_api.obj
 0004:00000060       $pdata$emxEnsureCapacity   0000000180007060     imshift_emxutil.obj
 0004:0000006c       $pdata$0$emxEnsureCapacity 000000018000706c     imshift_emxutil.obj
 0004:00000078       $pdata$1$emxEnsureCapacity 0000000180007078     imshift_emxutil.obj
 0004:00000084       $pdata$emxFree_uint8_T     0000000180007084     imshift_emxutil.obj
 0004:00000090       $pdata$emxInit_uint8_T     0000000180007090     imshift_emxutil.obj
 0004:0000009c       $pdata$emlrtMexFcnProperties 000000018000709c     imshift_mex.obj
 0004:000000a8       $pdata$imshift_mexFunction 00000001800070a8     imshift_mex.obj
 0004:000000b4       $pdata$mexFunction         00000001800070b4     imshift_mex.obj
 0004:000000c0       $pdata$__GSHandlerCheck    00000001800070c0     MSVCRT:gshandler.obj
 0004:000000cc       $pdata$__GSHandlerCheckCommon 00000001800070cc     MSVCRT:gshandler.obj
 0004:000000e4       $pdata$pre_c_init          00000001800070e4     MSVCRT:crtdll.obj
 0004:000000f0       $pdata$_CRT_INIT           00000001800070f0     MSVCRT:crtdll.obj
 0004:000000fc       $pdata$_DllMainCRTStartup  00000001800070fc     MSVCRT:crtdll.obj
 0004:00000108       $pdata$__DllMainCRTStartup 0000000180007108     MSVCRT:crtdll.obj
 0004:00000114       $pdata$__raise_securityfailure 0000000180007114     MSVCRT:gs_report.obj
 0004:00000120       $pdata$__report_gsfailure  0000000180007120     MSVCRT:gs_report.obj
 0004:0000012c       $pdata$_IsNonwritableInCurrentImage 000000018000712c     MSVCRT:pesect.obj
 0004:00000138       $pdata$__atonexitinit      0000000180007138     MSVCRT:atonexit.obj
 0004:00000144       $pdata$_onexit             0000000180007144     MSVCRT:atonexit.obj
 0004:00000150       $pdata$atexit              0000000180007150     MSVCRT:atonexit.obj
 0004:0000015c       $pdata$__security_init_cookie 000000018000715c     MSVCRT:gs_support.obj
 0004:00000168       $pdata$DllMain             0000000180007168     MSVCRT:dllmain.obj
 0004:00000174       $pdata$_RTC_Initialize     0000000180007174     MSVCRT:initsect.obj
 0004:00000180       $pdata$_RTC_Terminate      0000000180007180     MSVCRT:initsect.obj
 0004:0000018c       $pdata$__DllMainCRTStartup$filt$0 000000018000718c     MSVCRT:crtdll.obj
 0004:00000198       $pdata$__DllMainCRTStartup$fin$1 0000000180007198     MSVCRT:crtdll.obj
 0004:000001a4       $pdata$_IsNonwritableInCurrentImage$filt$0 00000001800071a4     MSVCRT:pesect.obj
 0004:000001b0       $pdata$_onexit$fin$0       00000001800071b0     MSVCRT:atonexit.obj
